<!DOCTYPE HTML PUBLIC "-//W3C//DTD HTML 4.01 Transitional//EN">
<html>
<head>
<meta http-equiv="Content-Type" content="text/html; charset=utf-8" />
<style type="text/css">
html {
  font-family: Arial,Helvetica,sans-serif;
  background-color: white;
  color: black;
}
table {
  border-collapse: collapse;
  empty-cells: show;
  margin: 1em 0em;
  border: 1px solid black;
}
th, td {
  border: 1px solid black;
  padding: 0.1em 0.2em;
  height: 1.5em;
  width: 12em;
}
td.colspan4, th.colspan4 {
    width: 48em;
}
td.colspan3, th.colspan3 {
    width: 36em;
}
td.colspan2, th.colspan2 {
    width: 24em;
}
th {
  background-color: rgb(192, 192, 192);
  color: black;
  height: 1.7em;
  font-weight: bold;
  text-align: center;
  letter-spacing: 0.1em;
}
td.name {
  background-color: rgb(240, 240, 240);
  letter-spacing: 0.1em;
}
td.name, th.name {
  width: 10em;
}
</style>
<title>Documentation</title>
</head>
<body>
<h1>Documentation</h1>
<table border="1" id="setting">
<tr>
<th class="name" colspan="5">Settings</th>
</tr>
<tr>
<td class="name">Documentation</td>
<td class="colspan4" colspan="4">Hello\n<br>
- list\n<br>
- &lt;world&gt;</td>
</tr>
<tr>
<td class="name"></td>
<td></td>
<td></td>
<td></td>
<td></td>
</tr>
</table>
<table border="1" id="testcase">
<tr>
<th class="name" colspan="5">Test Cases</th>
</tr>
<tr>
<td class="name"><a name="test_Multiline">Multiline</a></td>
<td>[Documentation]</td>
<td>Hillo\n<br>
| table |\n<br>
| world |</td>
<td># I can has comment!</td>
<td></td>
</tr>
<tr>
<td class="name"></td>
<td></td>
<td></td>
<td></td>
<td></td>
</tr>
<tr>
<td class="name"><a name="test_Multiple paragraphs">Multiple paragraphs</a></td>
<td>[Documentation]</td>
<td class="colspan3" colspan="3">Hello\n<br>
\n<br>
Huhuu</td>
</tr>
<tr>
<td class="name"></td>
<td></td>
<td></td>
<td></td>
<td></td>
</tr>
<tr>
<td class="name"><a name="test_Multiline with manual line separators">Multiline with manual line separators</a></td>
<td>[Documentation]</td>
<td class="colspan3" colspan="3">Hillo\n<br>
on\n<br>
hyvää!</td>
</tr>
<tr>
<td class="name"></td>
<td></td>
<td></td>
<td></td>
<td></td>
</tr>
<tr>
<td class="name"><a name="test_One line">One line</a></td>
<td>[Documentation]</td>
<td class="colspan3" colspan="3">One line</td>
</tr>
<tr>
<td class="name"></td>
<td></td>
<td></td>
<td></td>
<td></td>
</tr>
<tr>
<td class="name"><a name="test_Empty">Empty</a></td>
<td></td>
<td></td>
<td></td>
<td></td>
</tr>
<tr>
<td class="name"></td>
<td></td>
<td></td>
<td></td>
<td></td>
</tr>
<tr>
<td class="name"><a name="test_None">None</a></td>
<td>No Operation</td>
<td></td>
<td></td>
<td></td>
</tr>
<tr>
<td class="name"></td>
<td></td>
<td></td>
<td></td>
<td></td>
</tr>
<tr>
<td class="name"><a name="test_Comments">Comments</a></td>
<td>[Documentation]</td>
<td>First line\n<br>
Middle line\n<br>
Last line</td>
<td># First comment</td>
<td>#Middle comment</td>
</tr>
<tr>
<td class="name"></td>
<td>...</td>
<td>###Last comment###</td>
<td></td>
<td></td>
</tr>
<tr>
<td class="name"></td>
<td></td>
<td></td>
<td></td>
<td></td>
</tr>
</table>
<table border="1" id="keyword">
<tr>
<th class="name" colspan="5">Keywords</th>
</tr>
<tr>
<td class="name"><a name="keyword_Keyword doc">Keyword doc</a></td>
<td>[Documentation]</td>
<td class="colspan3" colspan="3">Multi\n<br>
line\n<br>
stuff</td>
</tr>
</table>
</body>
</html>
